15:06:21 [INFO] ============================================================
15:06:21 [INFO] AŞAMA 03 v2 — Eğitim Döngüsü BAŞLIYOR
15:06:21 [INFO] Çıktı : /mnt/c/Users/Yusuf Soylu/Desktop/Dermatoloji Projesi/Robo Flow V1/egitim_v2
15:06:21 [INFO] Device: 0
15:06:21 [INFO] ============================================================
15:06:21 [INFO] README: /mnt/c/Users/Yusuf Soylu/Desktop/Dermatoloji Projesi/Robo Flow V1/egitim_v2/README.md
15:06:21 [INFO] data.yaml: /mnt/c/Users/Yusuf Soylu/Desktop/Dermatoloji Projesi/Robo Flow V1/islenmiş_veri/data.yaml
15:06:21 [INFO]   nc=4 | ['comedone', 'nodule', 'papule', 'pustule']
15:06:21 [INFO] Model yükleniyor: yolo11s.pt
15:06:21 [INFO] Model hazır: 9.46M param | Eğitilebilir: 5.01M (%52.9)
15:06:21 [INFO] Backbone (layer 0-9) donduruldu
15:06:21 [INFO] ============================================================
15:06:21 [INFO] Eğitim başlıyor...
15:06:21 [INFO]   Epoch   : 150 (ES patience=15)
15:06:21 [INFO]   Batch   : 24
15:06:21 [INFO]   AMP     : True
15:06:21 [INFO]   fl_gamma: 2.0 (native Focal Loss)
15:06:21 [INFO]   mosaic  : 1.0 | mixup: 0.15 | copy_paste: 0.15
15:06:21 [INFO]   Backbone çözme: epoch 15
15:06:21 [INFO] ============================================================
15:07:21 [INFO] ============================================================
15:07:21 [INFO] AŞAMA 03 v2 — Eğitim Döngüsü BAŞLIYOR
15:07:21 [INFO] Çıktı : /mnt/c/Users/Yusuf Soylu/Desktop/Dermatoloji Projesi/Robo Flow V1/egitim_v2
15:07:21 [INFO] Device: 0
15:07:21 [INFO] ============================================================
15:07:21 [INFO] README: /mnt/c/Users/Yusuf Soylu/Desktop/Dermatoloji Projesi/Robo Flow V1/egitim_v2/README.md
15:07:21 [INFO] data.yaml: /mnt/c/Users/Yusuf Soylu/Desktop/Dermatoloji Projesi/Robo Flow V1/islenmiş_veri/data.yaml
15:07:21 [INFO]   nc=4 | ['comedone', 'nodule', 'papule', 'pustule']
15:07:21 [INFO] Model yükleniyor: yolo11s.pt
15:07:21 [INFO] Model hazır: 9.46M param | Eğitilebilir: 5.01M (%52.9)
15:07:21 [INFO] Backbone (layer 0-9) donduruldu
15:07:21 [INFO] ============================================================
15:07:21 [INFO] Eğitim başlıyor...
15:07:21 [INFO]   Epoch   : 150 (ES patience=15)
15:07:21 [INFO]   Batch   : 24
15:07:21 [INFO]   AMP     : True
15:07:21 [INFO]   fl_gamma: 2.0 (native Focal Loss)
15:07:21 [INFO]   mosaic  : 1.0 | mixup: 0.15 | copy_paste: 0.15
15:07:21 [INFO]   Backbone çözme: epoch 15
15:07:21 [INFO] ============================================================
15:13:29 [INFO] ============================================================
15:13:29 [INFO] AŞAMA 03 v2 — Eğitim Döngüsü BAŞLIYOR
15:13:29 [INFO] Çıktı : /mnt/c/Users/Yusuf Soylu/Desktop/Dermatoloji Projesi/Robo Flow V1/egitim_v2
15:13:29 [INFO] Device: 0
15:13:29 [INFO] ============================================================
15:13:29 [INFO] README: /mnt/c/Users/Yusuf Soylu/Desktop/Dermatoloji Projesi/Robo Flow V1/egitim_v2/README.md
15:13:29 [INFO] data.yaml: /mnt/c/Users/Yusuf Soylu/Desktop/Dermatoloji Projesi/Robo Flow V1/islenmiş_veri/data.yaml
15:13:29 [INFO]   nc=4 | ['comedone', 'nodule', 'papule', 'pustule']
15:13:29 [INFO] Model yükleniyor: yolo11s.pt
15:13:29 [INFO] Model hazır: 9.46M param | Eğitilebilir: 5.01M (%52.9)
15:13:29 [INFO] Backbone (layer 0-9) donduruldu
15:13:29 [INFO] ============================================================
15:13:29 [INFO] Eğitim başlıyor...
15:13:29 [INFO]   Epoch   : 150 (ES patience=15)
15:13:29 [INFO]   Batch   : 24
15:13:29 [INFO]   AMP     : True
15:13:29 [INFO]   fl_gamma: 2.0 (native Focal Loss)
15:13:29 [INFO]   mosaic  : 1.0 | mixup: 0.15 | copy_paste: 0.15
15:13:29 [INFO]   Backbone çözme: epoch 15
15:13:29 [INFO] ============================================================
15:14:47 [INFO] ============================================================
15:14:47 [INFO] AŞAMA 03 v2 — Eğitim Döngüsü BAŞLIYOR
15:14:47 [INFO] Çıktı : /mnt/c/Users/Yusuf Soylu/Desktop/Dermatoloji Projesi/Robo Flow V1/egitim_v2
15:14:47 [INFO] Device: 0
15:14:47 [INFO] ============================================================
15:14:47 [INFO] README: /mnt/c/Users/Yusuf Soylu/Desktop/Dermatoloji Projesi/Robo Flow V1/egitim_v2/README.md
15:14:47 [INFO] data.yaml: /mnt/c/Users/Yusuf Soylu/Desktop/Dermatoloji Projesi/Robo Flow V1/islenmiş_veri/data.yaml
15:14:47 [INFO]   nc=4 | ['comedone', 'nodule', 'papule', 'pustule']
15:14:47 [INFO] Model yükleniyor: yolo11s.pt
15:14:48 [INFO] Model hazır: 9.46M param | Eğitilebilir: 5.01M (%52.9)
15:14:48 [INFO] Backbone (layer 0-9) donduruldu
15:14:48 [INFO] ============================================================
15:14:48 [INFO] Eğitim başlıyor...
15:14:48 [INFO]   Epoch   : 150 (ES patience=15)
15:14:48 [INFO]   Batch   : 24
15:14:48 [INFO]   AMP     : True
15:14:48 [INFO]   fl_gamma: 2.0 (native Focal Loss)
15:14:48 [INFO]   mosaic  : 1.0 | mixup: 0.15 | copy_paste: 0.15
15:14:48 [INFO]   Backbone çözme: epoch 15
15:14:48 [INFO] ============================================================
15:17:07 [INFO] ============================================================
15:17:07 [INFO] AŞAMA 03 v2 — Eğitim Döngüsü BAŞLIYOR
15:17:07 [INFO] Çıktı : /mnt/c/Users/Yusuf Soylu/Desktop/Dermatoloji Projesi/Robo Flow V1/egitim_v2
15:17:07 [INFO] Device: 0
15:17:07 [INFO] ============================================================
15:17:07 [INFO] README: /mnt/c/Users/Yusuf Soylu/Desktop/Dermatoloji Projesi/Robo Flow V1/egitim_v2/README.md
15:17:07 [INFO] data.yaml: /mnt/c/Users/Yusuf Soylu/Desktop/Dermatoloji Projesi/Robo Flow V1/islenmiş_veri/data.yaml
15:17:07 [INFO]   nc=4 | ['comedone', 'nodule', 'papule', 'pustule']
15:17:07 [INFO] Model yükleniyor: yolo11s.pt
15:17:07 [INFO] Model hazır: 9.46M param | Eğitilebilir: 5.01M (%52.9)
15:17:07 [INFO] Backbone (layer 0-9) donduruldu
15:17:07 [INFO] ============================================================
15:17:07 [INFO] Eğitim başlıyor...
15:17:07 [INFO]   Epoch   : 150 (ES patience=15)
15:17:07 [INFO]   Batch   : 24
15:17:07 [INFO]   AMP     : True
15:17:07 [INFO]   fl_gamma: 2.0 (native Focal Loss)
15:17:07 [INFO]   mosaic  : 1.0 | mixup: 0.15 | copy_paste: 0.15
15:17:07 [INFO]   Backbone çözme: epoch 15
15:17:07 [INFO] ============================================================
15:23:41 [INFO] ============================================================
15:23:41 [INFO] AŞAMA 03 v2 — Eğitim Döngüsü BAŞLIYOR
15:23:41 [INFO] Çıktı : /mnt/c/Users/Yusuf Soylu/Desktop/Dermatoloji Projesi/Robo Flow V1/egitim_v2
15:23:41 [INFO] Device: 0
15:23:41 [INFO] ============================================================
15:23:41 [INFO] README: /mnt/c/Users/Yusuf Soylu/Desktop/Dermatoloji Projesi/Robo Flow V1/egitim_v2/README.md
15:23:41 [INFO] data.yaml: /mnt/c/Users/Yusuf Soylu/Desktop/Dermatoloji Projesi/Robo Flow V1/islenmiş_veri/data.yaml
15:23:41 [INFO]   nc=4 | ['comedone', 'nodule', 'papule', 'pustule']
15:23:41 [INFO] Model yükleniyor: yolo11s.pt
15:23:41 [INFO] Model hazır: 9.46M param | Eğitilebilir: 5.01M (%52.9)
15:23:41 [INFO] Backbone (layer 0-9) donduruldu
15:23:41 [INFO] ============================================================
15:23:41 [INFO] Eğitim başlıyor...
15:23:41 [INFO]   Epoch   : 150 (ES patience=15)
15:23:41 [INFO]   Batch   : 24
15:23:41 [INFO]   AMP     : True
15:23:41 [INFO]   fl_gamma: 2.0 (native Focal Loss)
15:23:41 [INFO]   mosaic  : 1.0 | mixup: 0.15 | copy_paste: 0.15
15:23:41 [INFO]   Backbone çözme: epoch 15
15:23:41 [INFO] ============================================================
15:24:26 [INFO] Epoch   0 | mAP50=0.0575 | P=0.087 R=0.317 F1=0.136 | valLoss=8.6085 | LR=3.29e-04 | 45sn
15:24:47 [INFO] Epoch   1 | mAP50=0.0461 | P=0.085 R=0.232 F1=0.124 | valLoss=8.4871 | LR=6.62e-04 | 21sn
15:25:19 [INFO] Epoch   2 | mAP50=0.0529 | P=0.082 R=0.280 F1=0.127 | valLoss=7.2936 | LR=9.95e-04 | 32sn
15:26:02 [INFO] Epoch   3 | mAP50=0.0758 | P=0.102 R=0.344 F1=0.157 | valLoss=7.7607 | LR=9.99e-04 | 42sn
15:26:52 [INFO] Epoch   4 | mAP50=0.0735 | P=0.114 R=0.273 F1=0.161 | valLoss=8.4663 | LR=9.98e-04 | 50sn
15:27:27 [INFO] Epoch   5 | mAP50=0.1031 | P=0.141 R=0.299 F1=0.192 | valLoss=6.6335 | LR=9.97e-04 | 35sn
15:27:42 [INFO] Epoch   6 | mAP50=0.0728 | P=0.344 R=0.247 F1=0.287 | valLoss=7.8724 | LR=9.96e-04 | 16sn
15:28:01 [INFO] Epoch   7 | mAP50=0.0903 | P=0.149 R=0.272 F1=0.192 | valLoss=6.7434 | LR=9.95e-04 | 18sn
15:28:17 [INFO] Epoch   8 | mAP50=0.1340 | P=0.297 R=0.258 F1=0.276 | valLoss=6.6778 | LR=9.93e-04 | 16sn
15:28:34 [INFO] Epoch   9 | mAP50=0.1404 | P=0.213 R=0.320 F1=0.256 | valLoss=6.5498 | LR=9.91e-04 | 18sn
15:28:51 [INFO] Epoch  10 | mAP50=0.1075 | P=0.159 R=0.335 F1=0.215 | valLoss=6.5436 | LR=9.89e-04 | 16sn
15:29:10 [INFO] Epoch  11 | mAP50=0.1100 | P=0.164 R=0.273 F1=0.205 | valLoss=6.7656 | LR=9.87e-04 | 19sn
15:29:28 [INFO] Epoch  12 | mAP50=0.1291 | P=0.189 R=0.290 F1=0.229 | valLoss=6.4779 | LR=9.84e-04 | 18sn
15:29:47 [INFO] Epoch  13 | mAP50=0.1142 | P=0.157 R=0.303 F1=0.207 | valLoss=6.4707 | LR=9.82e-04 | 19sn
15:30:04 [INFO] Epoch  14 | mAP50=0.1424 | P=0.174 R=0.362 F1=0.235 | valLoss=6.4971 | LR=9.79e-04 | 17sn
15:30:04 [INFO] Epoch 15: Backbone çözüldü — 9.43M / 9.43M eğitilebilir
15:30:22 [INFO] Epoch  15 | mAP50=0.1297 | P=0.188 R=0.305 F1=0.232 | valLoss=6.4278 | LR=9.76e-04 | 18sn
15:30:38 [INFO] Epoch  16 | mAP50=0.1254 | P=0.185 R=0.293 F1=0.227 | valLoss=6.8802 | LR=9.72e-04 | 17sn
15:30:56 [INFO] Epoch  17 | mAP50=0.1020 | P=0.147 R=0.246 F1=0.184 | valLoss=7.0744 | LR=9.69e-04 | 18sn
15:31:13 [INFO] Epoch  18 | mAP50=0.1586 | P=0.203 R=0.322 F1=0.249 | valLoss=6.4562 | LR=9.65e-04 | 17sn
15:31:32 [INFO] Epoch  19 | mAP50=0.1402 | P=0.225 R=0.320 F1=0.264 | valLoss=6.5334 | LR=9.61e-04 | 19sn
15:31:49 [INFO] Epoch  20 | mAP50=0.1572 | P=0.216 R=0.325 F1=0.259 | valLoss=6.5754 | LR=9.57e-04 | 17sn
15:32:08 [INFO] Epoch  21 | mAP50=0.0795 | P=0.118 R=0.243 F1=0.159 | valLoss=6.5908 | LR=9.53e-04 | 19sn
15:32:25 [INFO] Epoch  22 | mAP50=0.1399 | P=0.195 R=0.309 F1=0.239 | valLoss=6.4105 | LR=9.48e-04 | 17sn
15:32:44 [INFO] Epoch  23 | mAP50=0.1228 | P=0.182 R=0.259 F1=0.214 | valLoss=6.4756 | LR=9.44e-04 | 18sn
15:33:03 [INFO] Epoch  24 | mAP50=0.1629 | P=0.206 R=0.330 F1=0.254 | valLoss=6.3563 | LR=9.39e-04 | 19sn
15:33:21 [INFO] Epoch  25 | mAP50=0.1314 | P=0.178 R=0.329 F1=0.231 | valLoss=6.4036 | LR=9.34e-04 | 18sn
15:33:40 [INFO] Epoch  26 | mAP50=0.1099 | P=0.155 R=0.272 F1=0.197 | valLoss=6.7826 | LR=9.28e-04 | 19sn
15:33:57 [INFO] Epoch  27 | mAP50=0.1365 | P=0.188 R=0.295 F1=0.230 | valLoss=6.5928 | LR=9.23e-04 | 17sn
15:34:15 [INFO] Epoch  28 | mAP50=0.1240 | P=0.191 R=0.304 F1=0.234 | valLoss=6.6634 | LR=9.17e-04 | 18sn
15:34:32 [INFO] Epoch  29 | mAP50=0.1488 | P=0.205 R=0.317 F1=0.249 | valLoss=6.3537 | LR=9.11e-04 | 17sn
15:34:51 [INFO] Epoch  30 | mAP50=0.1348 | P=0.195 R=0.262 F1=0.224 | valLoss=6.5101 | LR=9.05e-04 | 19sn
15:35:07 [INFO] Epoch  31 | mAP50=0.1187 | P=0.158 R=0.284 F1=0.203 | valLoss=6.4490 | LR=8.99e-04 | 17sn
15:35:26 [INFO] Epoch  32 | mAP50=0.1680 | P=0.209 R=0.303 F1=0.247 | valLoss=6.3009 | LR=8.93e-04 | 19sn
15:35:44 [INFO] Epoch  33 | mAP50=0.1399 | P=0.169 R=0.343 F1=0.227 | valLoss=6.4126 | LR=8.86e-04 | 18sn
15:36:03 [INFO] Epoch  34 | mAP50=0.1544 | P=0.224 R=0.312 F1=0.261 | valLoss=6.3521 | LR=8.80e-04 | 19sn
15:36:21 [INFO] Epoch  35 | mAP50=0.1404 | P=0.202 R=0.327 F1=0.249 | valLoss=6.4187 | LR=8.73e-04 | 18sn
15:36:40 [INFO] Epoch  36 | mAP50=0.1431 | P=0.205 R=0.281 F1=0.237 | valLoss=6.4118 | LR=8.66e-04 | 19sn
15:36:59 [INFO] Epoch  37 | mAP50=0.1615 | P=0.212 R=0.317 F1=0.254 | valLoss=6.3532 | LR=8.59e-04 | 19sn
15:37:17 [INFO] Epoch  38 | mAP50=0.1574 | P=0.213 R=0.321 F1=0.256 | valLoss=6.2547 | LR=8.51e-04 | 18sn
15:37:36 [INFO] Epoch  39 | mAP50=0.1721 | P=0.242 R=0.323 F1=0.277 | valLoss=6.4283 | LR=8.44e-04 | 19sn
15:37:54 [INFO] Epoch  40 | mAP50=0.1288 | P=0.191 R=0.243 F1=0.214 | valLoss=6.6513 | LR=8.36e-04 | 17sn
15:38:12 [INFO] Epoch  41 | mAP50=0.1580 | P=0.193 R=0.383 F1=0.256 | valLoss=6.2998 | LR=8.28e-04 | 19sn
15:38:29 [INFO] Epoch  42 | mAP50=0.1684 | P=0.218 R=0.316 F1=0.258 | valLoss=6.3439 | LR=8.21e-04 | 17sn
15:38:48 [INFO] Epoch  43 | mAP50=0.1843 | P=0.238 R=0.347 F1=0.282 | valLoss=6.3252 | LR=8.12e-04 | 19sn
15:39:06 [INFO] Epoch  44 | mAP50=0.1859 | P=0.254 R=0.328 F1=0.286 | valLoss=6.2170 | LR=8.04e-04 | 18sn
15:39:25 [INFO] Epoch  45 | mAP50=0.1698 | P=0.244 R=0.302 F1=0.270 | valLoss=6.2494 | LR=7.96e-04 | 19sn
15:39:42 [INFO] Epoch  46 | mAP50=0.1896 | P=0.249 R=0.324 F1=0.282 | valLoss=6.3145 | LR=7.88e-04 | 18sn
15:40:01 [INFO] Epoch  47 | mAP50=0.1800 | P=0.240 R=0.324 F1=0.276 | valLoss=6.2438 | LR=7.79e-04 | 19sn
15:40:21 [INFO] Epoch  48 | mAP50=0.1726 | P=0.244 R=0.307 F1=0.272 | valLoss=6.3633 | LR=7.70e-04 | 20sn
15:40:38 [INFO] Epoch  49 | mAP50=0.1448 | P=0.200 R=0.291 F1=0.237 | valLoss=6.4588 | LR=7.61e-04 | 17sn
15:40:57 [INFO] Epoch  50 | mAP50=0.1696 | P=0.237 R=0.293 F1=0.262 | valLoss=6.4132 | LR=7.52e-04 | 18sn
15:41:13 [INFO] Epoch  51 | mAP50=0.1830 | P=0.254 R=0.329 F1=0.287 | valLoss=6.2187 | LR=7.43e-04 | 16sn
15:41:32 [INFO] Epoch  52 | mAP50=0.1869 | P=0.277 R=0.300 F1=0.288 | valLoss=6.2031 | LR=7.34e-04 | 19sn
15:41:48 [INFO] Epoch  53 | mAP50=0.1735 | P=0.231 R=0.290 F1=0.257 | valLoss=6.2870 | LR=7.25e-04 | 16sn
15:42:07 [INFO] Epoch  54 | mAP50=0.1648 | P=0.210 R=0.303 F1=0.248 | valLoss=6.2129 | LR=7.16e-04 | 19sn
15:42:23 [INFO] Epoch  55 | mAP50=0.1572 | P=0.229 R=0.285 F1=0.254 | valLoss=6.3071 | LR=7.06e-04 | 16sn
15:42:43 [INFO] Epoch  56 | mAP50=0.1707 | P=0.216 R=0.328 F1=0.260 | valLoss=6.1952 | LR=6.97e-04 | 19sn
15:42:59 [INFO] Epoch  57 | mAP50=0.2075 | P=0.278 R=0.335 F1=0.304 | valLoss=6.1368 | LR=6.87e-04 | 16sn
15:43:18 [INFO] Epoch  58 | mAP50=0.1617 | P=0.208 R=0.306 F1=0.247 | valLoss=6.2690 | LR=6.78e-04 | 19sn
15:43:34 [INFO] Epoch  59 | mAP50=0.1527 | P=0.191 R=0.272 F1=0.224 | valLoss=6.2439 | LR=6.68e-04 | 16sn
15:43:52 [INFO] Epoch  60 | mAP50=0.1440 | P=0.226 R=0.253 F1=0.239 | valLoss=6.4763 | LR=6.58e-04 | 19sn
15:44:09 [INFO] Epoch  61 | mAP50=0.1824 | P=0.247 R=0.302 F1=0.272 | valLoss=6.2192 | LR=6.48e-04 | 16sn
15:44:27 [INFO] Epoch  62 | mAP50=0.1794 | P=0.240 R=0.319 F1=0.274 | valLoss=6.2753 | LR=6.38e-04 | 19sn
15:44:43 [INFO] Epoch  63 | mAP50=0.1858 | P=0.239 R=0.329 F1=0.277 | valLoss=6.1742 | LR=6.28e-04 | 16sn
15:45:02 [INFO] Epoch  64 | mAP50=0.2037 | P=0.272 R=0.312 F1=0.291 | valLoss=6.2393 | LR=6.18e-04 | 19sn
15:45:19 [INFO] Epoch  65 | mAP50=0.2209 | P=0.286 R=0.339 F1=0.310 | valLoss=6.2060 | LR=6.08e-04 | 17sn
15:45:37 [INFO] Epoch  66 | mAP50=0.1841 | P=0.261 R=0.309 F1=0.283 | valLoss=6.3174 | LR=5.98e-04 | 18sn
15:45:54 [INFO] Epoch  67 | mAP50=0.2100 | P=0.296 R=0.311 F1=0.303 | valLoss=6.1581 | LR=5.88e-04 | 17sn
15:46:13 [INFO] Epoch  68 | mAP50=0.1813 | P=0.256 R=0.304 F1=0.278 | valLoss=6.2717 | LR=5.77e-04 | 19sn
15:46:30 [INFO] Epoch  69 | mAP50=0.1678 | P=0.259 R=0.276 F1=0.267 | valLoss=6.3018 | LR=5.67e-04 | 17sn
15:46:48 [INFO] Epoch  70 | mAP50=0.1852 | P=0.246 R=0.316 F1=0.277 | valLoss=6.1475 | LR=5.57e-04 | 19sn
15:47:04 [INFO] Epoch  71 | mAP50=0.1762 | P=0.253 R=0.307 F1=0.277 | valLoss=6.3773 | LR=5.46e-04 | 16sn
15:47:23 [INFO] Epoch  72 | mAP50=0.1813 | P=0.256 R=0.291 F1=0.272 | valLoss=6.1775 | LR=5.36e-04 | 18sn
15:47:39 [INFO] Epoch  73 | mAP50=0.1784 | P=0.233 R=0.328 F1=0.272 | valLoss=6.2093 | LR=5.26e-04 | 17sn
15:47:58 [INFO] Epoch  74 | mAP50=0.2062 | P=0.251 R=0.328 F1=0.284 | valLoss=6.1336 | LR=5.15e-04 | 19sn
15:48:14 [INFO] Epoch  75 | mAP50=0.1642 | P=0.229 R=0.278 F1=0.251 | valLoss=6.3375 | LR=5.05e-04 | 16sn
15:48:32 [INFO] Epoch  76 | mAP50=0.1935 | P=0.266 R=0.331 F1=0.295 | valLoss=6.2102 | LR=4.95e-04 | 18sn
15:48:49 [INFO] Epoch  77 | mAP50=0.1834 | P=0.252 R=0.316 F1=0.280 | valLoss=6.2378 | LR=4.84e-04 | 16sn
15:49:07 [INFO] Epoch  78 | mAP50=0.1918 | P=0.279 R=0.312 F1=0.295 | valLoss=6.3236 | LR=4.74e-04 | 18sn
15:49:24 [INFO] Epoch  79 | mAP50=0.1878 | P=0.248 R=0.323 F1=0.280 | valLoss=6.2014 | LR=4.64e-04 | 17sn
15:49:42 [INFO] Epoch  80 | mAP50=0.1792 | P=0.267 R=0.308 F1=0.286 | valLoss=6.2959 | LR=4.53e-04 | 19sn
15:49:42 [INFO] Early Stopping: 15 epoch iyileşme yok. En iyi mAP@50=0.2209 (epoch 65)
15:50:05 [INFO] Epoch  80 | mAP50=0.2101 | P=0.297 R=0.310 F1=0.303 | valLoss=0.0000 | LR=4.53e-04 | 23sn
15:50:05 [INFO] Early Stopping: 15 epoch iyileşme yok. En iyi mAP@50=0.2209 (epoch 65)
15:50:07 [INFO] Kopyalandı: /mnt/c/Users/Yusuf Soylu/Desktop/Dermatoloji Projesi/Robo Flow V1/egitim_v2/checkpoints/best.pt
15:50:07 [INFO] Kopyalandı: /mnt/c/Users/Yusuf Soylu/Desktop/Dermatoloji Projesi/Robo Flow V1/egitim_v2/checkpoints/last.pt
15:50:07 [INFO] En iyi epoch: 65 (mAP@50=0.2209)
15:50:07 [INFO] ============================================================
15:50:07 [INFO] EĞİTİM ÖZET
15:50:07 [INFO]   Toplam epoch    : 82
15:50:07 [INFO]   En iyi mAP@50   : 0.2209 (epoch 65)
15:50:07 [INFO]   En iyi mAP@50-95: 0.05458
15:50:07 [INFO]   Precision       : 0.28606
15:50:07 [INFO]   Recall          : 0.3392
15:50:07 [INFO]   F1              : 0.310372
15:50:07 [INFO]   Early Stop      : Evet
15:50:07 [INFO]   Çıktı           : /mnt/c/Users/Yusuf Soylu/Desktop/Dermatoloji Projesi/Robo Flow V1/egitim_v2
15:50:07 [INFO] ============================================================
15:50:07 [INFO] AŞAMA 03 v2 TAMAMLANDI — 26.4 dk
