23:32:24 [INFO] ============================================================
23:32:24 [INFO] AŞAMA 03 v3 — Eğitim Döngüsü BAŞLIYOR
23:32:24 [INFO] Çıktı : /mnt/c/Users/Yusuf Soylu/Desktop/Dermatoloji Projesi/Robo Flow V1/egitim_v3
23:32:24 [INFO] Device: 0
23:32:24 [INFO] ============================================================
23:32:24 [INFO] Monkey-patch'ler uygulanıyor...
23:32:24 [INFO]   box_iou CPU patch ✓
23:32:24 [INFO]   FocalBCE patch (gamma=2.0) ✓
23:32:24 [INFO] Patch'ler hazır.
23:32:24 [INFO] data.yaml: /mnt/c/Users/Yusuf Soylu/Desktop/Dermatoloji Projesi/Robo Flow V1/islenmiş_veri/data.yaml
23:32:24 [INFO]   nc=4 | ['comedone', 'nodule', 'papule', 'pustule']
23:32:24 [INFO] Model yükleniyor: /mnt/c/Users/Yusuf Soylu/Desktop/Dermatoloji Projesi/Robo Flow V1/egitim_v2/checkpoints/best.pt
23:32:24 [INFO] Model hazır: 9.43M parametre
23:32:24 [INFO] ============================================================
23:32:24 [INFO] Eğitim başlıyor (v3)...
23:32:24 [INFO]   imgsz      : 1024px (v2: 640px)
23:32:24 [INFO]   batch      : 8 (v2: 24)
23:32:24 [INFO]   box        : 10.0 (v2: 7.5)
23:32:24 [INFO]   copy_paste : 0.25 (v2: 0.15)
23:32:24 [INFO]   focal γ    : 2.0 (monkey-patch)
23:32:24 [INFO]   ES patience: 20
23:32:24 [INFO]   backbone   : epoch 10'de çözülür
23:32:24 [INFO] ============================================================
23:32:37 [INFO] Epoch 0: Backbone donduruldu — 4.98M / 9.43M eğitilebilir
23:32:37 [INFO] Focal Loss aktif: gamma=2.0 ✓
23:33:19 [INFO] Focal Loss aktif: gamma=2.0 ✓
23:33:27 [INFO] Epoch   0 | mAP50=0.1031 | P=0.137 R=0.354 F1=0.197 | box=3.1686 cls=0.5941 | LR=1.66e-04 | 63sn
23:34:03 [INFO] Epoch   1 | mAP50=0.1118 | P=0.145 R=0.333 F1=0.202 | box=3.1075 cls=0.5780 | LR=3.33e-04 | 36sn
23:34:37 [INFO] Epoch   2 | mAP50=0.1222 | P=0.122 R=0.374 F1=0.184 | box=3.0777 cls=0.5791 | LR=4.99e-04 | 34sn
23:35:11 [INFO] Epoch   3 | mAP50=0.1329 | P=0.177 R=0.307 F1=0.224 | box=3.0814 cls=0.5772 | LR=5.00e-04 | 34sn
23:35:45 [INFO] Epoch   4 | mAP50=0.1149 | P=0.129 R=0.328 F1=0.185 | box=3.0485 cls=0.5920 | LR=4.99e-04 | 34sn
23:36:19 [INFO] Epoch   5 | mAP50=0.1254 | P=0.155 R=0.300 F1=0.205 | box=3.0627 cls=0.5774 | LR=4.99e-04 | 34sn
23:36:54 [INFO] Epoch   6 | mAP50=0.1164 | P=0.141 R=0.338 F1=0.199 | box=3.0297 cls=0.5747 | LR=4.98e-04 | 35sn
23:37:30 [INFO] Epoch   7 | mAP50=0.1341 | P=0.160 R=0.356 F1=0.221 | box=3.0371 cls=0.5915 | LR=4.97e-04 | 36sn
23:38:04 [INFO] Epoch   8 | mAP50=0.1348 | P=0.153 R=0.368 F1=0.216 | box=3.0276 cls=0.5945 | LR=4.97e-04 | 34sn
23:38:38 [INFO] Epoch   9 | mAP50=0.1121 | P=0.114 R=0.384 F1=0.176 | box=3.0423 cls=0.5804 | LR=4.96e-04 | 34sn
23:38:38 [INFO] Epoch 10: Backbone çözüldü — 9.43M / 9.43M eğitilebilir
23:39:25 [INFO] Epoch  10 | mAP50=0.1217 | P=0.131 R=0.363 F1=0.193 | box=3.0219 cls=0.6045 | LR=4.95e-04 | 47sn
23:40:15 [INFO] Epoch  11 | mAP50=0.1022 | P=0.121 R=0.337 F1=0.178 | box=3.0040 cls=0.5879 | LR=4.93e-04 | 50sn
23:41:07 [INFO] Epoch  12 | mAP50=0.1132 | P=0.130 R=0.358 F1=0.191 | box=3.0043 cls=0.5800 | LR=4.92e-04 | 52sn
23:42:00 [INFO] Epoch  13 | mAP50=0.1168 | P=0.129 R=0.373 F1=0.192 | box=2.9938 cls=0.5768 | LR=4.91e-04 | 53sn
23:42:50 [INFO] Epoch  14 | mAP50=0.1217 | P=0.124 R=0.377 F1=0.187 | box=3.0556 cls=0.5814 | LR=4.89e-04 | 50sn
23:43:42 [INFO] Epoch  15 | mAP50=0.1216 | P=0.133 R=0.383 F1=0.197 | box=2.9592 cls=0.5958 | LR=4.88e-04 | 52sn
23:44:32 [INFO] Epoch  16 | mAP50=0.1400 | P=0.163 R=0.369 F1=0.226 | box=2.9635 cls=0.5831 | LR=4.86e-04 | 50sn
23:45:23 [INFO] Epoch  17 | mAP50=0.1152 | P=0.135 R=0.325 F1=0.191 | box=2.9619 cls=0.5909 | LR=4.84e-04 | 51sn
23:46:14 [INFO] Epoch  18 | mAP50=0.1314 | P=0.135 R=0.385 F1=0.200 | box=2.9706 cls=0.5946 | LR=4.83e-04 | 51sn
23:47:09 [INFO] Epoch  19 | mAP50=0.1148 | P=0.117 R=0.414 F1=0.183 | box=2.9917 cls=0.5797 | LR=4.81e-04 | 55sn
23:47:59 [INFO] Epoch  20 | mAP50=0.1316 | P=0.149 R=0.370 F1=0.212 | box=3.0046 cls=0.5820 | LR=4.79e-04 | 50sn
23:48:53 [INFO] Epoch  21 | mAP50=0.1158 | P=0.124 R=0.396 F1=0.189 | box=2.9478 cls=0.5697 | LR=4.76e-04 | 54sn
23:49:43 [INFO] Epoch  22 | mAP50=0.1192 | P=0.125 R=0.386 F1=0.189 | box=2.9594 cls=0.5908 | LR=4.74e-04 | 50sn
23:50:31 [INFO] Epoch  23 | mAP50=0.1211 | P=0.143 R=0.317 F1=0.197 | box=2.9795 cls=0.5859 | LR=4.72e-04 | 48sn
23:51:21 [INFO] Epoch  24 | mAP50=0.1212 | P=0.137 R=0.371 F1=0.200 | box=2.9680 cls=0.6013 | LR=4.69e-04 | 50sn
23:52:09 [INFO] Epoch  25 | mAP50=0.1391 | P=0.134 R=0.408 F1=0.201 | box=2.9310 cls=0.5752 | LR=4.67e-04 | 48sn
23:52:59 [INFO] Epoch  26 | mAP50=0.1006 | P=0.118 R=0.286 F1=0.168 | box=2.9479 cls=0.5899 | LR=4.64e-04 | 50sn
23:53:47 [INFO] Epoch  27 | mAP50=0.1154 | P=0.140 R=0.355 F1=0.201 | box=3.0090 cls=0.6174 | LR=4.61e-04 | 48sn
23:54:34 [INFO] Epoch  28 | mAP50=0.1334 | P=0.130 R=0.407 F1=0.197 | box=2.9578 cls=0.5933 | LR=4.59e-04 | 47sn
23:55:29 [INFO] Epoch  29 | mAP50=0.1368 | P=0.143 R=0.371 F1=0.207 | box=2.9931 cls=0.5992 | LR=4.56e-04 | 55sn
23:56:22 [INFO] Epoch  30 | mAP50=0.1159 | P=0.131 R=0.340 F1=0.189 | box=2.9783 cls=0.5851 | LR=4.53e-04 | 52sn
23:57:11 [INFO] Epoch  31 | mAP50=0.1113 | P=0.130 R=0.343 F1=0.189 | box=2.9502 cls=0.6211 | LR=4.50e-04 | 50sn
23:57:57 [INFO] Epoch  32 | mAP50=0.1222 | P=0.142 R=0.345 F1=0.201 | box=2.9640 cls=0.6017 | LR=4.46e-04 | 46sn
23:58:46 [INFO] Epoch  33 | mAP50=0.1247 | P=0.132 R=0.355 F1=0.192 | box=2.9838 cls=0.5825 | LR=4.43e-04 | 49sn
23:59:31 [INFO] Epoch  34 | mAP50=0.1224 | P=0.149 R=0.342 F1=0.208 | box=2.9230 cls=0.5966 | LR=4.40e-04 | 45sn
00:00:17 [INFO] Epoch  35 | mAP50=0.1187 | P=0.136 R=0.367 F1=0.199 | box=2.9661 cls=0.5875 | LR=4.36e-04 | 45sn
00:01:03 [INFO] Epoch  36 | mAP50=0.1209 | P=0.139 R=0.375 F1=0.202 | box=2.9456 cls=0.5965 | LR=4.33e-04 | 46sn
00:01:03 [INFO] Early Stopping: 20 epoch iyileşme yok. En iyi mAP@50=0.1400 (epoch 16)
00:01:31 [INFO] Epoch  36 | mAP50=0.1393 | P=0.135 R=0.403 F1=0.202 | box=0.0000 cls=0.0000 | LR=4.33e-04 | 28sn
00:01:31 [INFO] Early Stopping: 20 epoch iyileşme yok. En iyi mAP@50=0.1400 (epoch 16)
00:01:33 [INFO] Kopyalandı: /mnt/c/Users/Yusuf Soylu/Desktop/Dermatoloji Projesi/Robo Flow V1/egitim_v3/checkpoints/best.pt
00:01:33 [INFO] Kopyalandı: /mnt/c/Users/Yusuf Soylu/Desktop/Dermatoloji Projesi/Robo Flow V1/egitim_v3/checkpoints/last.pt
00:01:33 [INFO] En iyi epoch: 16 (mAP@50=0.1400)
00:01:33 [INFO] ============================================================
00:01:33 [INFO] EĞİTİM ÖZET (v3)
00:01:33 [INFO]   Toplam epoch  : 38
00:01:33 [INFO]   En iyi mAP@50 : 0.13999 (epoch 16)
00:01:33 [INFO]   Precision     : 0.1631
00:01:33 [INFO]   Recall        : 0.36855
00:01:33 [INFO]   F1            : 0.226128
00:01:33 [INFO]   Early Stop    : Evet
00:01:33 [INFO]   Çıktı         : /mnt/c/Users/Yusuf Soylu/Desktop/Dermatoloji Projesi/Robo Flow V1/egitim_v3
00:01:33 [INFO] ============================================================
00:01:33 [INFO] AŞAMA 03 v3 TAMAMLANDI — 29.2 dk
